// Jest Snapshot v1, https://goo.gl/fbAQLP

exports[`should salute 1`] = `"hip,hip,array!"`;
